main.c:120:6:HAL_UART_RxCpltCallback	56	static
main.c:221:5:main	160	static
main.c:621:6:SystemClock_Config	120	static
main.c:674:13:MX_I2C2_Init	8	static
main.c:720:13:MX_TIM1_Init	40	static
main.c:767:13:MX_TIM2_Init	40	static
main.c:812:13:MX_TIM6_Init	24	static
main.c:850:13:MX_TIM15_Init	40	static
main.c:896:13:MX_TIM16_Init	8	static
main.c:928:13:MX_USART1_UART_Init	8	static
main.c:963:13:MX_USART2_UART_Init	8	static
main.c:998:13:MX_USART3_UART_Init	8	static
main.c:1031:13:MX_DMA_Init	16	static
main.c:1049:13:MX_GPIO_Init	48	static
main.c:1092:6:LORA_CONFG	32	static
main.c:1127:6:LORA_READ_PARAMETER	16	static
main.c:1147:7:calcoor	32	static
main.c:1159:6:Error_Handler	4	static
