main.c:137:6:HAL_UART_RxCpltCallback	56	static
main.c:238:5:main	160	static
main.c:578:6:SystemClock_Config	120	static
main.c:629:13:MX_I2C2_Init	8	static
main.c:675:13:MX_TIM1_Init	40	static
main.c:722:13:MX_TIM2_Init	40	static
main.c:767:13:MX_TIM6_Init	24	static
main.c:805:13:MX_TIM15_Init	40	static
main.c:851:13:MX_USART1_UART_Init	8	static
main.c:886:13:MX_USART2_UART_Init	8	static
main.c:921:13:MX_USART3_UART_Init	8	static
main.c:954:13:MX_DMA_Init	16	static
main.c:972:13:MX_GPIO_Init	48	static
main.c:1015:6:LORA_CONFG	32	static
main.c:1050:6:LORA_READ_PARAMETER	16	static
main.c:1070:7:calcoor	32	static
main.c:1077:6:ReadGyroAcceValues	24	static
main.c:1152:6:ReadAccerollpitchValues	24	static
main.c:1232:6:Error_Handler	4	static
