stm32f3xx_it.c:92:6:NMI_Handler	4	static
stm32f3xx_it.c:105:6:HardFault_Handler	4	static
stm32f3xx_it.c:120:6:MemManage_Handler	4	static
stm32f3xx_it.c:135:6:BusFault_Handler	4	static
stm32f3xx_it.c:150:6:UsageFault_Handler	4	static
stm32f3xx_it.c:165:6:SVC_Handler	4	static
stm32f3xx_it.c:178:6:DebugMon_Handler	4	static
stm32f3xx_it.c:191:6:PendSV_Handler	4	static
stm32f3xx_it.c:204:6:SysTick_Handler	8	static
stm32f3xx_it.c:225:6:DMA1_Channel5_IRQHandler	8	static
stm32f3xx_it.c:239:6:TIM1_UP_TIM16_IRQHandler	8	static
stm32f3xx_it.c:253:6:TIM2_IRQHandler	8	static
stm32f3xx_it.c:281:6:USART1_IRQHandler	8	static
stm32f3xx_it.c:299:6:TIM6_DAC_IRQHandler	8	static
