main.c:176:6:HAL_UART_RxCpltCallback	56	static
main.c:277:5:main	160	static
main.c:644:6:SystemClock_Config	120	static
main.c:695:13:MX_I2C2_Init	8	static
main.c:741:13:MX_TIM1_Init	40	static
main.c:788:13:MX_TIM2_Init	40	static
main.c:833:13:MX_TIM6_Init	24	static
main.c:871:13:MX_TIM15_Init	40	static
main.c:917:13:MX_USART1_UART_Init	8	static
main.c:952:13:MX_USART2_UART_Init	8	static
main.c:987:13:MX_USART3_UART_Init	8	static
main.c:1020:13:MX_DMA_Init	16	static
main.c:1038:13:MX_GPIO_Init	48	static
main.c:1081:6:LORA_CONFG	32	static
main.c:1116:6:LORA_READ_PARAMETER	16	static
main.c:1136:7:calcoor	32	static
main.c:1143:6:ReadGyroAcceValues	24	static
main.c:1218:6:ReadAccerollpitchValues	24	static
main.c:1300:6:Error_Handler	4	static
